components/theme-provider.tsx(7,8): error TS2307: Cannot find module 'next-themes' or its corresponding type declarations.
components/ui/accordion.tsx(4,37): error TS2307: Cannot find module '@radix-ui/react-accordion' or its corresponding type declarations.
components/ui/alert-dialog.tsx(4,39): error TS2307: Cannot find module '@radix-ui/react-alert-dialog' or its corresponding type declarations.
components/ui/alert.tsx(2,40): error TS2307: Cannot find module 'class-variance-authority' or its corresponding type declarations.
components/ui/aspect-ratio.tsx(3,39): error TS2307: Cannot find module '@radix-ui/react-aspect-ratio' or its corresponding type declarations.
components/ui/avatar.tsx(4,34): error TS2307: Cannot find module '@radix-ui/react-avatar' or its corresponding type declarations.
components/ui/badge.tsx(2,40): error TS2307: Cannot find module 'class-variance-authority' or its corresponding type declarations.
components/ui/badge.tsx(31,29): error TS2339: Property 'variant' does not exist on type 'BadgeProps'.
components/ui/breadcrumb.tsx(2,22): error TS2307: Cannot find module '@radix-ui/react-slot' or its corresponding type declarations.
components/ui/button.tsx(2,22): error TS2307: Cannot find module '@radix-ui/react-slot' or its corresponding type declarations.
components/ui/button.tsx(3,40): error TS2307: Cannot find module 'class-variance-authority' or its corresponding type declarations.
components/ui/button.tsx(44,17): error TS2339: Property 'variant' does not exist on type 'ButtonProps'.
components/ui/button.tsx(44,26): error TS2339: Property 'size' does not exist on type 'ButtonProps'.
components/ui/calendar.tsx(5,27): error TS2307: Cannot find module 'react-day-picker' or its corresponding type declarations.
components/ui/carousel.tsx(6,8): error TS2307: Cannot find module 'embla-carousel-react' or its corresponding type declarations.
components/ui/carousel.tsx(200,17): error TS2339: Property 'variant' does not exist on type 'Omit<ButtonProps & RefAttributes<HTMLButtonElement>, "ref">'.
components/ui/carousel.tsx(200,38): error TS2339: Property 'size' does not exist on type 'Omit<ButtonProps & RefAttributes<HTMLButtonElement>, "ref">'.
components/ui/carousel.tsx(206,7): error TS2322: Type '{ children: Element[]; suppressHydrationWarning?: boolean | undefined; color?: string | undefined; id?: string | undefined; lang?: string | undefined; name?: string | undefined; ... 287 more ...; className: any; }' is not assignable to type 'IntrinsicAttributes & ButtonProps & RefAttributes<HTMLButtonElement>'.
  Property 'variant' does not exist on type 'IntrinsicAttributes & ButtonProps & RefAttributes<HTMLButtonElement>'.
components/ui/carousel.tsx(229,17): error TS2339: Property 'variant' does not exist on type 'Omit<ButtonProps & RefAttributes<HTMLButtonElement>, "ref">'.
components/ui/carousel.tsx(229,38): error TS2339: Property 'size' does not exist on type 'Omit<ButtonProps & RefAttributes<HTMLButtonElement>, "ref">'.
components/ui/carousel.tsx(235,7): error TS2322: Type '{ children: Element[]; suppressHydrationWarning?: boolean | undefined; color?: string | undefined; id?: string | undefined; lang?: string | undefined; name?: string | undefined; ... 287 more ...; className: any; }' is not assignable to type 'IntrinsicAttributes & ButtonProps & RefAttributes<HTMLButtonElement>'.
  Property 'variant' does not exist on type 'IntrinsicAttributes & ButtonProps & RefAttributes<HTMLButtonElement>'.
components/ui/chart.tsx(4,36): error TS2307: Cannot find module 'recharts' or its corresponding type declarations.
components/ui/chart.tsx(188,25): error TS7006: Parameter 'item' implicitly has an 'any' type.
components/ui/chart.tsx(188,31): error TS7006: Parameter 'index' implicitly has an 'any' type.
components/ui/chart.tsx(288,23): error TS7006: Parameter 'item' implicitly has an 'any' type.
components/ui/checkbox.tsx(4,36): error TS2307: Cannot find module '@radix-ui/react-checkbox' or its corresponding type declarations.
components/ui/collapsible.tsx(3,39): error TS2307: Cannot find module '@radix-ui/react-collapsible' or its corresponding type declarations.
components/ui/command.tsx(4,34): error TS2307: Cannot find module '@radix-ui/react-dialog' or its corresponding type declarations.
components/ui/command.tsx(5,45): error TS2307: Cannot find module 'cmdk' or its corresponding type declarations.
components/ui/context-menu.tsx(4,39): error TS2307: Cannot find module '@radix-ui/react-context-menu' or its corresponding type declarations.
components/ui/dialog.tsx(4,34): error TS2307: Cannot find module '@radix-ui/react-dialog' or its corresponding type declarations.
components/ui/drawer.tsx(4,43): error TS2307: Cannot find module 'vaul' or its corresponding type declarations.
components/ui/dropdown-menu.tsx(4,40): error TS2307: Cannot find module '@radix-ui/react-dropdown-menu' or its corresponding type declarations.
components/ui/form.tsx(4,33): error TS2307: Cannot find module '@radix-ui/react-label' or its corresponding type declarations.
components/ui/form.tsx(5,22): error TS2307: Cannot find module '@radix-ui/react-slot' or its corresponding type declarations.
components/ui/form.tsx(13,8): error TS2307: Cannot find module 'react-hook-form' or its corresponding type declarations.
components/ui/hover-card.tsx(4,37): error TS2307: Cannot find module '@radix-ui/react-hover-card' or its corresponding type declarations.
components/ui/input-otp.tsx(4,43): error TS2307: Cannot find module 'input-otp' or its corresponding type declarations.
components/ui/input-otp.tsx(38,44): error TS18046: 'inputOTPContext' is of type 'unknown'.
components/ui/label.tsx(4,33): error TS2307: Cannot find module '@radix-ui/react-label' or its corresponding type declarations.
components/ui/label.tsx(5,40): error TS2307: Cannot find module 'class-variance-authority' or its corresponding type declarations.
components/ui/menubar.tsx(4,35): error TS2307: Cannot find module '@radix-ui/react-menubar' or its corresponding type declarations.
components/ui/navigation-menu.tsx(2,42): error TS2307: Cannot find module '@radix-ui/react-navigation-menu' or its corresponding type declarations.
components/ui/navigation-menu.tsx(3,21): error TS2307: Cannot find module 'class-variance-authority' or its corresponding type declarations.
components/ui/pagination.tsx(39,23): error TS2344: Type '"size"' does not satisfy the constraint 'keyof ButtonProps'.
components/ui/pagination.tsx(68,5): error TS2783: 'size' is specified more than once, so this usage will be overwritten.
components/ui/pagination.tsx(84,5): error TS2783: 'size' is specified more than once, so this usage will be overwritten.
components/ui/popover.tsx(4,35): error TS2307: Cannot find module '@radix-ui/react-popover' or its corresponding type declarations.
components/ui/progress.tsx(4,36): error TS2307: Cannot find module '@radix-ui/react-progress' or its corresponding type declarations.
components/ui/radio-group.tsx(4,38): error TS2307: Cannot find module '@radix-ui/react-radio-group' or its corresponding type declarations.
components/ui/resizable.tsx(4,37): error TS2307: Cannot find module 'react-resizable-panels' or its corresponding type declarations.
components/ui/scroll-area.tsx(4,38): error TS2307: Cannot find module '@radix-ui/react-scroll-area' or its corresponding type declarations.
components/ui/select.tsx(4,34): error TS2307: Cannot find module '@radix-ui/react-select' or its corresponding type declarations.
components/ui/separator.tsx(4,37): error TS2307: Cannot find module '@radix-ui/react-separator' or its corresponding type declarations.
components/ui/sheet.tsx(4,33): error TS2307: Cannot find module '@radix-ui/react-dialog' or its corresponding type declarations.
components/ui/sheet.tsx(5,40): error TS2307: Cannot find module 'class-variance-authority' or its corresponding type declarations.
components/ui/sheet.tsx(60,6): error TS2339: Property 'side' does not exist on type 'SheetContentProps'.
components/ui/sheet.tsx(60,22): error TS2339: Property 'className' does not exist on type 'SheetContentProps'.
components/ui/sheet.tsx(60,33): error TS2339: Property 'children' does not exist on type 'SheetContentProps'.
components/ui/sidebar.tsx(4,22): error TS2307: Cannot find module '@radix-ui/react-slot' or its corresponding type declarations.
components/ui/sidebar.tsx(5,35): error TS2307: Cannot find module 'class-variance-authority' or its corresponding type declarations.
components/ui/sidebar.tsx(206,12): error TS2322: Type '{ children: Element; "data-sidebar": string; "data-mobile": string; className: string; style: CSSProperties; side: "left" | "right"; }' is not assignable to type 'IntrinsicAttributes & SheetContentProps & RefAttributes<any>'.
  Property 'children' does not exist on type 'IntrinsicAttributes & SheetContentProps & RefAttributes<any>'.
components/ui/sidebar.tsx(280,7): error TS2322: Type '{ children: Element[]; suppressHydrationWarning?: boolean | undefined; color?: string | undefined; id?: string | undefined; lang?: string | undefined; name?: string | undefined; ... 288 more ...; onClick: (event: MouseEvent<...>) => void; }' is not assignable to type 'IntrinsicAttributes & ButtonProps & RefAttributes<HTMLButtonElement>'.
  Property 'variant' does not exist on type 'IntrinsicAttributes & ButtonProps & RefAttributes<HTMLButtonElement>'.
components/ui/slider.tsx(4,34): error TS2307: Cannot find module '@radix-ui/react-slider' or its corresponding type declarations.
components/ui/sonner.tsx(3,26): error TS2307: Cannot find module 'next-themes' or its corresponding type declarations.
components/ui/sonner.tsx(4,35): error TS2307: Cannot find module 'sonner' or its corresponding type declarations.
components/ui/switch.tsx(4,35): error TS2307: Cannot find module '@radix-ui/react-switch' or its corresponding type declarations.
components/ui/tabs.tsx(4,32): error TS2307: Cannot find module '@radix-ui/react-tabs' or its corresponding type declarations.
components/ui/toast.tsx(4,34): error TS2307: Cannot find module '@radix-ui/react-toast' or its corresponding type declarations.
components/ui/toast.tsx(5,40): error TS2307: Cannot find module 'class-variance-authority' or its corresponding type declarations.
components/ui/toggle-group.tsx(4,39): error TS2307: Cannot find module '@radix-ui/react-toggle-group' or its corresponding type declarations.
components/ui/toggle-group.tsx(5,35): error TS2307: Cannot find module 'class-variance-authority' or its corresponding type declarations.
components/ui/toggle.tsx(4,34): error TS2307: Cannot find module '@radix-ui/react-toggle' or its corresponding type declarations.
components/ui/toggle.tsx(5,40): error TS2307: Cannot find module 'class-variance-authority' or its corresponding type declarations.
components/ui/tooltip.tsx(4,35): error TS2307: Cannot find module '@radix-ui/react-tooltip' or its corresponding type declarations.
components/ui/use-toast.ts(158,22): error TS7006: Parameter 'open' implicitly has an 'any' type.
hooks/use-toast.ts(158,22): error TS7006: Parameter 'open' implicitly has an 'any' type.
lib/utils.ts(1,39): error TS2307: Cannot find module 'clsx' or its corresponding type declarations.
lib/utils.ts(2,25): error TS2307: Cannot find module 'tailwind-merge' or its corresponding type declarations.
